2026-05-01 22:42:55,162 - INFO - Starting model training process...
2026-05-01 22:42:55,201 - INFO - Dataset loaded successfully. Total records: 5572
2026-05-01 22:42:55,201 - INFO - Cleaning and preprocessing data...
2026-05-01 22:42:55,364 - INFO - Vectorizing text data...
2026-05-01 22:42:55,643 - INFO - Training Multinomial Naive Bayes model...
2026-05-01 22:42:55,653 - INFO - Model Training Complete. Accuracy: 97.22%
2026-05-01 22:42:55,681 - INFO - 
--- Classification Report ---
              precision    recall  f1-score   support

           0       0.99      0.98      0.98       966
           1       0.86      0.95      0.90       149

    accuracy                           0.97      1115
   macro avg       0.93      0.96      0.94      1115
weighted avg       0.97      0.97      0.97      1115

2026-05-01 22:42:55,683 - INFO - Generating Confusion Matrix plot...
2026-05-01 22:42:56,859 - INFO - Confusion matrix saved as 'confusion_matrix.png'
2026-05-01 22:42:56,859 - INFO - Saving model and vectorizer to disk...
2026-05-01 22:42:56,866 - INFO - All artifacts saved. System is ready for app.py
2026-05-01 22:42:58,543 - INFO - Generating Word Clouds for EDA visualization...
2026-05-01 22:42:58,676 - INFO - Creating Spam Word Cloud...
2026-05-01 22:43:01,032 - INFO - Creating Ham Word Cloud...
2026-05-01 22:43:03,309 - INFO - Word Cloud visualizations saved as 'wordcloud_spam.png' and 'wordcloud_ham.png'
2026-05-01 22:43:46,315 - INFO - Loading pre-trained model and vectorizer...
2026-05-01 22:43:50,132 - INFO - GUI application started.
2026-05-01 22:44:05,147 - INFO - Analyzing user input...
2026-05-01 22:44:05,217 - WARNING - Message flagged as SPAM with 99.96% confidence.
2026-05-01 22:44:29,905 - INFO - Analyzing user input...
2026-05-01 22:44:29,947 - INFO - Message flagged as SAFE with 99.73% confidence.
2026-06-12 11:42:05,529 - INFO - Loading pre-trained model and vectorizer...
2026-06-19 11:26:00,628 - INFO - Loading pre-trained model and vectorizer...
2026-06-19 11:26:26,612 - INFO - GUI application started.
2026-06-19 11:26:36,939 - INFO - Analyzing user input...
2026-06-19 11:26:36,972 - INFO - Message flagged as SAFE with 98.39% confidence.
2026-06-19 11:26:45,610 - INFO - Analyzing user input...
2026-06-19 11:26:45,613 - INFO - Message flagged as SAFE with 99.72% confidence.
2026-06-19 11:27:06,872 - INFO - Analyzing user input...
2026-06-19 11:27:06,875 - INFO - Message flagged as SAFE with 95.93% confidence.
2026-06-19 11:28:19,773 - INFO - Loading pre-trained model and vectorizer...
2026-06-19 11:28:21,747 - INFO - GUI application started.
2026-06-19 11:28:28,539 - INFO - Analyzing user input...
2026-06-19 11:28:28,548 - INFO - Message flagged as SAFE with 86.58% confidence.
2026-06-19 11:28:43,081 - INFO - Analyzing user input...
2026-06-19 11:28:43,151 - WARNING - Message flagged as SPAM with 94.69% confidence.
2026-06-19 11:57:36,453 - INFO - Loading pre-trained model and vectorizer...
2026-06-19 11:58:06,758 - INFO - GUI application starting...
2026-06-19 11:58:18,540 - INFO - Analyzing user input...
2026-06-19 11:58:18,544 - WARNING - Message flagged as SPAM with 94.69% confidence.
2026-06-19 11:58:41,948 - INFO - Loading pre-trained model and vectorizer...
2026-06-19 11:58:42,998 - INFO - GUI application starting...
2026-06-19 11:58:49,749 - INFO - Appearance theme switched to: Light
2026-06-19 11:58:53,279 - INFO - Appearance theme switched to: System
2026-06-19 11:58:55,001 - INFO - Appearance theme switched to: Light
2026-06-19 11:59:01,580 - INFO - Analyzing user input...
2026-06-19 11:59:01,584 - INFO - Message flagged as SAFE with 98.39% confidence.
2026-06-19 11:59:08,552 - INFO - Analyzing user input...
2026-06-19 11:59:08,554 - WARNING - Message flagged as SPAM with 69.47% confidence.
2026-06-19 11:59:14,298 - INFO - Analyzing user input...
2026-06-19 11:59:14,301 - WARNING - Message flagged as SPAM with 94.69% confidence.
2026-06-19 11:59:42,142 - INFO - Analyzing user input...
2026-06-19 11:59:42,144 - WARNING - Message flagged as SPAM with 69.47% confidence.
2026-06-19 11:59:53,217 - INFO - Analyzing user input...
2026-06-19 11:59:53,220 - WARNING - Message flagged as SPAM with 69.47% confidence.
2026-06-19 11:59:53,907 - INFO - Analyzing user input...
2026-06-19 11:59:53,911 - WARNING - Message flagged as SPAM with 69.47% confidence.
2026-06-19 11:59:54,172 - INFO - Analyzing user input...
2026-06-19 11:59:54,174 - WARNING - Message flagged as SPAM with 69.47% confidence.
2026-06-19 11:59:54,370 - INFO - Analyzing user input...
2026-06-19 11:59:54,372 - WARNING - Message flagged as SPAM with 69.47% confidence.
2026-08-27 11:05:21,738 - INFO - Starting model training process...
2026-08-27 11:05:21,766 - INFO - Dataset loaded successfully. Total records: 5572
2026-08-27 11:05:21,766 - INFO - Cleaning and preprocessing data...
2026-08-27 11:05:21,834 - INFO - Vectorizing text data...
2026-08-27 11:05:22,010 - INFO - Training Multinomial Naive Bayes model...
2026-08-27 11:05:22,059 - INFO - Model Training Complete. Accuracy: 97.22%
2026-08-27 11:05:22,077 - INFO - 
--- Classification Report ---
              precision    recall  f1-score   support

           0       0.99      0.98      0.98       966
           1       0.86      0.95      0.90       149

    accuracy                           0.97      1115
   macro avg       0.93      0.96      0.94      1115
weighted avg       0.97      0.97      0.97      1115

2026-08-27 11:05:22,078 - INFO - Generating Confusion Matrix plot...
2026-08-27 11:05:24,809 - INFO - Confusion matrix saved as 'confusion_matrix.png'
2026-08-27 11:05:24,810 - INFO - Saving model and vectorizer to disk...
2026-08-27 11:05:24,815 - INFO - All artifacts saved. System is ready for app.py
2026-08-27 11:05:27,042 - INFO - Generating Word Clouds for EDA visualization...
2026-08-27 11:05:27,081 - INFO - Creating Spam Word Cloud...
2026-08-27 11:05:27,710 - INFO - Creating Ham Word Cloud...
2026-08-27 11:05:28,295 - INFO - Word Cloud visualizations saved as 'wordcloud_spam.png' and 'wordcloud_ham.png'
2026-08-27 11:09:45,248 - INFO - Starting model training process...
2026-08-27 11:09:45,257 - INFO - Dataset loaded successfully. Total records: 5572
2026-08-27 11:09:45,257 - INFO - Cleaning and preprocessing data...
2026-08-27 11:09:45,288 - INFO - Vectorizing text data...
2026-08-27 11:09:45,350 - INFO - Training Multinomial Naive Bayes model...
2026-08-27 11:09:45,368 - INFO - Model Training Complete. Accuracy: 97.22%
2026-08-27 11:09:45,374 - INFO - 
--- Classification Report ---
              precision    recall  f1-score   support

           0       0.99      0.98      0.98       966
           1       0.86      0.95      0.90       149

    accuracy                           0.97      1115
   macro avg       0.93      0.96      0.94      1115
weighted avg       0.97      0.97      0.97      1115

2026-08-27 11:09:45,374 - INFO - Generating Confusion Matrix plot...
2026-08-27 11:09:45,599 - INFO - Confusion matrix saved as 'confusion_matrix.png'
2026-08-27 11:09:45,599 - INFO - Saving model and vectorizer to disk...
2026-08-27 11:09:45,601 - INFO - All artifacts saved. System is ready for app.py
2026-08-27 11:09:46,715 - INFO - Generating Word Clouds for EDA visualization...
2026-08-27 11:09:46,750 - INFO - Creating Spam Word Cloud...
2026-08-27 11:09:47,389 - INFO - Creating Ham Word Cloud...
2026-08-27 11:09:47,984 - INFO - Word Cloud visualizations saved as 'wordcloud_spam.png' and 'wordcloud_ham.png'
2026-08-27 11:09:56,364 - INFO - Loading pre-trained model and vectorizer...
2026-08-27 11:09:57,294 - INFO - GUI application starting...
2026-08-27 11:10:05,782 - INFO - Appearance theme switched to: Dark
2026-08-27 11:10:08,534 - INFO - Appearance theme switched to: Light
2026-08-27 11:10:30,782 - INFO - Analyzing user input...
2026-08-27 11:10:30,797 - WARNING - Message flagged as SPAM with 96.45% confidence.
2026-08-27 11:10:36,743 - INFO - Analyzing user input...
2026-08-27 11:10:36,744 - WARNING - Message flagged as SPAM with 96.45% confidence.
2026-08-27 11:10:43,220 - INFO - Appearance theme switched to: Light
2026-08-27 11:10:45,621 - INFO - Appearance theme switched to: Dark
